// Jest Snapshot v1, https://goo.gl/fbAQLP

exports[`Toast renders default 1`] = `
.emotion-0 {
  max-width: 100%;
  margin: 16px;
}

@media (min-width: 900px) {
  .emotion-0 {
    max-width: 20em;
  }
}

@media (min-width: 900px) {
  .emotion-0 {
    margin: 24px;
  }
}

.emotion-1 {
  list-style: none;
  margin-left: 0;
  margin-top: 0;
  margin-bottom: 0;
  padding-left: 0;
}

<div
  className="emotion-0"
  data-cy="toaster"
>
  <ol
    aria-live="assertive"
    className="emotion-1"
    onMouseEnter={[Function]}
    onMouseLeave={[Function]}
  >
    <TransitionGroup
      childFactory={[Function]}
      component="div"
    >
      <Transition
        appear={false}
        enter={true}
        exit={true}
        in={false}
        key="toastWrapper-0"
        mountOnEnter={false}
        onEnter={[Function]}
        onEntered={[Function]}
        onEntering={[Function]}
        onExit={[Function]}
        onExited={[Function]}
        onExiting={[Function]}
        timeout={
          Object {
            "enter": 0,
            "exit": 300,
          }
        }
        unmountOnExit={false}
      >
        <Component />
      </Transition>
    </TransitionGroup>
  </ol>
</div>
`;

exports[`Toast renders with actions 1`] = `
.emotion-0 {
  max-width: 100%;
  margin: 16px;
}

@media (min-width: 900px) {
  .emotion-0 {
    max-width: 20em;
  }
}

@media (min-width: 900px) {
  .emotion-0 {
    margin: 24px;
  }
}

.emotion-1 {
  list-style: none;
  margin-left: 0;
  margin-top: 0;
  margin-bottom: 0;
  padding-left: 0;
}

<div
  className="emotion-0"
  data-cy="toaster"
>
  <ol
    aria-live="assertive"
    className="emotion-1"
    onMouseEnter={[Function]}
    onMouseLeave={[Function]}
  >
    <TransitionGroup
      childFactory={[Function]}
      component="div"
    >
      <Transition
        appear={false}
        enter={true}
        exit={true}
        in={false}
        key="toastWrapper-0"
        mountOnEnter={false}
        onEnter={[Function]}
        onEntered={[Function]}
        onEntering={[Function]}
        onExit={[Function]}
        onExited={[Function]}
        onExiting={[Function]}
        timeout={
          Object {
            "enter": 0,
            "exit": 300,
          }
        }
        unmountOnExit={false}
      >
        <Component />
      </Transition>
    </TransitionGroup>
  </ol>
</div>
`;

exports[`Toast renders with description 1`] = `
.emotion-0 {
  max-width: 100%;
  margin: 16px;
}

@media (min-width: 900px) {
  .emotion-0 {
    max-width: 20em;
  }
}

@media (min-width: 900px) {
  .emotion-0 {
    margin: 24px;
  }
}

.emotion-1 {
  list-style: none;
  margin-left: 0;
  margin-top: 0;
  margin-bottom: 0;
  padding-left: 0;
}

<div
  className="emotion-0"
  data-cy="toaster"
>
  <ol
    aria-live="assertive"
    className="emotion-1"
    onMouseEnter={[Function]}
    onMouseLeave={[Function]}
  >
    <TransitionGroup
      childFactory={[Function]}
      component="div"
    >
      <Transition
        appear={false}
        enter={true}
        exit={true}
        in={false}
        key="toastWrapper-0"
        mountOnEnter={false}
        onEnter={[Function]}
        onEntered={[Function]}
        onEntering={[Function]}
        onExit={[Function]}
        onExited={[Function]}
        onExiting={[Function]}
        timeout={
          Object {
            "enter": 0,
            "exit": 300,
          }
        }
        unmountOnExit={false}
      >
        <Component />
      </Transition>
    </TransitionGroup>
  </ol>
</div>
`;
