// Jest Snapshot v1, https://goo.gl/fbAQLP

exports[`Avatar renders default 1`] = `
.emotion-0 {
  background-color: var(--themeBgSecondary, #F7F8F9);
  border-radius: 25%;
  overflow: hidden;
  position: relative;
  height: 32px;
  width: 32px;
}

.emotion-0:after {
  border-radius: inherit;
  bottom: 0;
  box-shadow: inset 0 0 0 1px rgba(0, 0, 0, 0.1);
  content: "";
  display: block;
  left: 0;
  position: absolute;
  right: 0;
  top: 0;
}

.emotion-1 {
  border: 0;
  display: block;
  height: 100%;
  object-fit: cover;
  width: 100%;
}

<div
  className="emotion-0"
  data-cy="avatar"
  role="img"
>
  <img
    alt=""
    className="emotion-1"
    src=""
  />
</div>
`;

exports[`Avatar renders with a src, size, and label 1`] = `
.emotion-0 {
  background-color: var(--themeBgSecondary, #F7F8F9);
  border-radius: 25%;
  overflow: hidden;
  position: relative;
  height: 64px;
  width: 64px;
}

.emotion-0:after {
  border-radius: inherit;
  bottom: 0;
  box-shadow: inset 0 0 0 1px rgba(0, 0, 0, 0.1);
  content: "";
  display: block;
  left: 0;
  position: absolute;
  right: 0;
  top: 0;
}

.emotion-1 {
  border: 0;
  display: block;
  height: 100%;
  object-fit: cover;
  width: 100%;
}

<div
  aria-label="Kubernetes"
  className="emotion-0"
  data-cy="avatar"
  role="img"
>
  <img
    alt=""
    className="emotion-1"
    src="data:image/png;base64,iVBORw0KGgoAAAANSUhEUgAAAQAAAAEACAYAAABccqhmAAAAAXNSR0IArs4c6QAANK5JREFUeAHtXQecFOXZf7iD642DQ1HBigUEFRUrimiwK3YUxV6jxhiMUeP3qbElGKOiXxKDSrBgQWKLDQENaGLvLWAXC9d74e74nv+cw86+M7M7u/vO7Ozt8/x+d7sz+9b/M+8zb3nKgPHnr1pLQoKAIJCVCORkZa+l04KAIGAgIAJAHgRBIIsREAGQxcyXrgsCIgDkGRAEshgBEQBZzHzpuiAgAkCeAUEgixEQAZDFzJeuCwIiAOQZEASyGAERAFnMfOm6ICACQJ4BQSCLERABkMXMl64LAiIA5BkQBLIYAREAWcx86bogIAJAngFBIIsREAGQxcyXrgsCIgDkGRAEshgBEQBZzHzpuiAgAkCeAUEgixEQAZDFzJeuCwIiAOQZEASyGAERAFnMfOm6ICACQJ4BQSCLERABkMXMl64LAiIA5BkQBLIYAREAWcx86bogIAJAngFBIIsREAGQxcyXrgsCIgDkGRAEshgBEQBZzHzpuiAgAkCeAUEgixEQAZDFzJeuCwIiAOQZEASyGAERAFnMfOm6IDBQIMguBAYxxw/cqZAmjimg8aPyKWcA0YpVa+jp19vpqdfaqLsnu/DI9t4OGH/+qrXZDkI29D+PB/7U3Yvp1J+V0LCKXMcu/1jfQ3MXNdNj/26jrm7HJHKznyEgAqCfMVTtTsGgAXTkHkU0Y78Sqip3HvhqnurGHvr7ohZa+Eorda5Rf5Xr/oSACID+xE1LXwryBtAxe/YN/MpSbwPfkt34WtvUQ/MWt9CC5W3U0SUTRRWf/nAtAqA/cNHSh6L8AXTsXsV04uRiGlyS3MC3FGd8rW/poXsXt9Ijy1qprVMEgYpPJl+LAMhk7lnaXlIwgI7bu5im71NC5cX+HO40tvbS/Utb6KGXWqmlQwSBBf6M/SoCIGNZ19fw0sIBdPykEjphUjGVFvkz8FWImtt66YEXW2n+iy3U3C6CQMUnk65FAGQStyxtLS8aQNMnl9BxPN0vKQxm4FuqN762tPfSQ/9qpfuXtFBjmwgCFZ9MuBYBkAlcsrSxoiSHTuL1Pdb5RfnpGfiW5hhf2zp76WEWBPcuaaWGll71Z7kOMQIiAELMHGvThpTywN+3hI6eWESFeeEY+Nb24Xt7Vy8tWNbGG4YtVNssgkDFJ4zXIgDCyBVLm4aW5dDJrLxzJCvx4GgvEwhHhtAhgC5BTZMIgjDzTARASLmzXkUOnfKzUpq6WxHlsTKPbmrijbzZTzQZxV5wWBmV+bCB2LVmraFVCO3CHxtEEOjmoY7yxBZAB4oayxhemWuo6x62axENGqh/4JtN/b+nmmjhy23GJWq5fFqF+ZO2Twgu7FUcsXsRPflqG939fAt9XyfGBtoA1lCQCAANIOooYsMhuXTalBI6eBce+Ln+DXyzrZ98E9Hx/S8bA/lJEGRH7lFMh7JQe/q1dhYEzfRtjQgCPzH3WrYIAK9I+ZRuRFUunb5/qWGhNzCAgW92A6cJJlm/m/f8+IRgO5yXNAdPKKRn32inu55rpq+rRRD4gbXXMkUAeEVKc7oyPse/aGo5HbJLIeXCJjdg2mgIWN9p1DpiaLCPAQTdITzTOXDnQnrq1Xa65bFGahI9goCfgL7qguV8WroYvkqxsz/noqE0oip98K83OGIn4GYe7DdyEHyYEYzfIo/OuKVGTgz8Btyh/Mg80OFHueUPAtecNDitgx+9GmxZAlSyjkE6CYLwqhP1b0Kms0+ZUnd6OZ8pKGls57YbD6Jdts7XWGJyReVGJgC8BEmuDJ25dtumgEaPHKSzSCnLAwIhYL2HVvajJPtsVxCK3iz/oG/9j8Ys/yjyPZ2NCws26cQg6LpFAASM+LhN8wKuMbq6uuYeenNFJy15t33dD4vfbqf3vugyVHnX3UzDl+3SjE0aupz2KtO3C5X2rgffAEy1R48MVgDAvddL73fQ0nc76MOvuhzNd+H/79Sba2gAH0ZsPGwgbbnhQJqwVT5NGV9IxQXBvSNG8/IIGPWI0mBgD6cIgMCgJh5YgwLT53/5ww66h3Xx3/6sy3MP17JF75c/dht/z7/VQTc92sRCoIA1+YopiJkLjJyA0ccWJSXPjZeESSEgAiAp2JLLtN1m3t/+NeyP79r5DdTNb2dYAXrdOHzlow768z+b6aOvU9fug1HPE/9pN/523jKPLj+ugkbyDMELYYkx59lmwzsRTj28OiQdy8sAEQBeENaTJnf4hF9dpacoKSUeAiewu64tNvC20/23Z1voSR58UJl9hrXmNl1/IG0+3D1va0cvXf9gAyvVNFN1o/459He1PYaFH6bn4zbJo9wYWovQ+79ibgPVsiXgKs4HxZ9deEnhhZrZycgSXq4IBYNAcAu8YPoT6lrGbeo+gNWGw9WXSb08Nb9yXj29+onzbj028KbdWM0GN5GNPTOv9RNBQXDU5jQY8YbfZL3Yb/c1PBu585lmOuEP1WzU4xw4APsNv3ugwVotVSTgoxDCRSg4BGJzPLh29PuaoP03vNI73Cewnz8M+DdW9K3hMfh+eWct3XRmJe3OZ+YmYco/c06dq//+gXzev9/2hTR5+wLOl0+F7EVo2Qcd9Oqn0cIEzkQnblvAm4S99Dr/tvCVNvoP1499AZW++KGbTvljDd1+3hAaxWt2kzDtv+ye+qhNvD1G59M0dlbqlTZktWQoJtWJQxGvkKWUzvsTmVI1khlr20QIzj/+fP4Qwyc/THfhfBNBOn7x5zr2E1BCO2yex8d2a+nyufWO4bzwtj9mT7gHLyGr2i/agOWCSqa771L2LzjZEBiFxlt+Di9FEClIJTj6gPruzWdVErwFQ1DBP6BJGMQXHl5Gh7LOf6KEDccX35NlQKK4JZNeBEAyqCWRJ5ld9BzWlYc9Pd7e1/GG4L9YeQfLAdjVxyJoG0K1dtP1I29na/pWB5fecPCpEmYsV55QYejr3/BQA/13VfS0H67Bz7qtVs1G++9YSJceU560e/JxmwwSAWBD1Z8bsgfgD662UvFQJ0tDy3KNNy3i+sWjGfsW090XD3Ud/Mjv5NPf6Z5ZF4TXvJlVhvWeec/t8/xDS+n6UwYnPfhRbqKzJbe2yP34CIgAiI9RyimwDt8mRQWgAaylc87BpQR34G50ydFl9As2MY5nXuy0BHC6Z60HTj2unTGYzjzAXQhhnwPLk1QJylID5clMFUZP+QVmTzCllmirjQZRvga/fjhOO5yVctxo+YedvHkW38GG0xLA6Z5aD6IHm5uS6m+4xnIFgipVwv7HloyZkP8IiADwH2Pj3FxHNdhsW7g8stGmlvnvjztp2g3VrseFZnqnt73TPTM9PpfyDv+0G1fH1Cycz9GCECNAByWzZ6Kj3mwrQwRAABzX9TDDu26stTq6An/8591Ra3j87e5xOMPjNE5lON1DeZ3s2ffGhxv4qLE+rteeeg4Kch8HB9FBujDT0Zb+XIYIgAC4OzYBBSC35sCox3rMZqaD4Y4TzWU7ABzTfVcbvXOPtE5ve6d7n32/hk6aVc1Rge3HgCjHqW4EBUE04VQpEaWpVOvK5vwiAHzmfqIKQG7N+Qcr5kAPwEqTxhXQPRdX0Z5jnNVs3/9yDR3PGoLPvxWtIejkkffr1T2s9BOZMSzgpQYG/2ff2wUI2rDfDgXGycBOo6L1G6BPAPuBVAlHkMBOyF8ExBbAX3xpV/b+A7PaVGnWo4027bhrT64wtAt/tkOhoXO/8jv7YIWp7+J3OoyZAIKILljWStgsVAlLAPjs7+aX920cMOT+pa1RGn3W9EfuUURXTa8wdPw34DgGqgoy9gGmxtistJYV6/u7rOIM60Qh/xBwnj/6V1/WlaxjLfttTTetUJRwoAm4zYi+ty9OB353UgVVcHSf+S85r8GfYn/8+ItFGMjqYFbTI3bBzw8tW3d7x1H5tDXv2H/ybWR6gpkHlixeLQDXFaZ8AXbwYyDkHwIyx/IPW6NkHQLAaRDsw9N/K+H4bebR5XTOQaXW21q/X3xEWdTgNwt3cuXl1GYzvddP8RDkFank04kASB67uDkNBaARqZ9nv7nSPmXfWxEAZmPOPLCUfnNsueHdx7yX6ie89EC1eDrbFTiRU1teU4yNnPLFu7c1YwcMhfxDQASAf9jyFH2QlsCeq5QwWuuzT/+NYgTzOGZiMV1/8mAt2nR5vEicdUZlTKOeUezjQHUt/g0vW1IlKE9heSHkHwKyB+Afttp02lcpR3kIJxaPprBBzvtfdtEDrJzjRNjFh/st0Ke8fsdGoROdcUAp7T02ernhlA6+BOuaI+7H4EBEB2EJ9cFXkf0FHWVKGREERABEsND+Tcf6H5tp6vGf11Bebt6HduRIPDDYMW0GoDB0zuxaRy2/zdgTkRfaaGgu54+kxHEg9AEGl8QXVpFc9m+GYZCLELOnljuJIiBLgEQRSyC9Du82NSwAVBpaHn9Qfc5KPPctsZsNIxDojadFBj/KxikC7jkZGv3pH03GTEJtg3qNsOYq/cC2A6mSDiGaahv6c35v4r0/I+BT34ZV5NgccSRTVZ6DEVEPnAIohHtwDbaMfQbA48/n7LXHkThrZal9sA5hBx72UsnQL4D3H4Qvh8egidvm045b5BOsA61k0SFad3ughqCn2O+oKs/xxc/huoZm8RcRAD4xX9ebqyg/eqChuWt+erE2t/XSK2wAhAH/MrsG8xJht4ENir5e3W3z7guFm1j54dzzQdYxwF8hW+vtyu7F9mKBAJdfQ9hfgZMv/0KHticDN7B026NIpjzJE0FABEAEC63fdEz/0aAi9uGnEnz2nXVrDb3zeZfjwFPTq9eL32mnU6dE6wsk4okXrshwzm+e9Y9hD0S9DkaAEBQ6CPoAIgB0IGkvQwSAHRMtd3R5tcExnEqp+s2//clmY0Cd9ZPS0J1PN6fki/9Dl136HLvsUrvi6VoXlp4qy7JEA8afv8pp6ZdlMOjtLhxyLps13LZOTrSWFd+toXN5dx5mtplIcG0+mz0Hj03R1fea7rU08ZLvCZ6RhfQi4PB+0VtBNpYG5RV1kywWDliXYx2/uqHHCKYBn/uwwsO6O1HCvhui92w+vC+QCMx8H13eRh1s158IQYidzVqFebzZt5JPFNAe/CFakFeCJ2NsIEJJCO3BSQH8G8JGAOrDXm0FgCUwhY2BkF4ERADoxdMoLZENQGzIzbip2jFoZ7ymYYd8iw36BvoWGPCskbcpB/dQTw5gBfhXnuYnQhewwY+q+gtzYZgSw08ALA8hGPCJPjhtApr1wce/VUkI92ezxeG8mbGdl5r58QlMRQBYEdHzXQSAHhyjSkkkBuALvCGHN6VKeANvu3EezySIPuY4f2qasexleO6vqtRsjtdO5/uOCS03nXbwYXA0omqg8TdpXCTxubfX0GufRrQA8Qts+bF2x4zhXd6sNOMOmLlwDd//bq7LzXTmJwQATJSF9CIgAkAvnkZpbhp4TlXtvGU+K+I0rwvuATPfqbsVGVNka2juo65dHWUbj7chzv29zDZeet9uTOTUFuu9p19vpyP3cHdAaqZdyfsU6uDfgHUGHv+fYYS4BiC4FVvO0Yrh1MSMNpTPWsg4SvRKsKsQ0o+ACAD9mCbkARgbZAuuGEbY8INuvpuRz9F7Fhnhuq3NhabfH06vtN6yfYcvATUMGBJhZgHTYUzdEe8PjkCshLDiX/ywJu4b2snW4Ch2GGIOfpQJo559OdoQ/qDavGLVGiPQqRqxyFq/+t3rfoGaT65jI6DpoCZ2JfJrbAQwrZ68XaHr4EfuQzjEFtxlWwln4285mApb0+Ct60QXHFbGPvxL6fT9S2nmUeVOSWjhy855zcQff9PFEYyj08B89/Bd3cOBYSDvProgYS3JJofIRWY75DN5BEQAJI+da07s6OsmxOw7aGe7a7Gr729w3Zlfw0Y+TygDFO3CFP1YNhk26Yjdi2ikg4XhU6/BD6F9fwL5YEB0DdetaiUjEOlgB1Vjs65kP99aGb3HkGw5ki8aAREA0XhouXrcIZimjoLPZNPc4oLoWQB25W99rNGxeGyyOUXZPZcjDFmPKWEMZHXzZRYG1WBoDToRThXUWIEFPNU/75BoDUOnvInew+nD/Bfthk2JliPp7QiIALBjkvIdaOo5ufBOteBhFbl00dSIPz6zvIfZbTdiBqi08GX7rvkodiN+4E72mcR+7Fh09Ej7RpvTMgDlOgUoPZsFC8J76ybYH7z3hegA6MYV5YkA8ANVLvPmhY3GLr3u4jFdhz2/SrOfaOY1e2TAf1PdbdudR54Lee3vFr4L4bxVMjcDzfuL3m6nGx6yzzi22mggTd8nsqww06f6iSPEW9gkWcgfBEQA+IOrsat+6d11PAVXttdTrA+DFyG7S1jNVqXrHmykP7Lgwfp8ocPmH3z4YwPOjXAkuRu7MVcJZWEajtOCy+6pt637sTn5v9OjfQyoZSRzXdvUQ7++q466M1MTOpkuB55H4gL4CDkCbkKJB5t3ORqCZppNLS/OMWzyn3uz3XZ8B/2AN1d08du/07Y5CKcfWEbEImgTPqrs/n/Fmn6YCTidKGDX/+azKmn7ze2CI1Y98X6Df4OL/lpnqB/HSyu/J4+AzACSx85TTkTThfWdboIC0J944OE8XyUMVtWAaN/tC2gMaxbGI0QyPoD9CVoJm4FOwUQg037HIcN328Z9VmEtJ5Hvtz3exEecsvOfCGbJpBUBkAxqCeaZ90ILLeHourppwlb59PvTKgm77/FozzEFxtIgXjpM9b04AYWr8N9OK9cS9Uht0wu8z6AryKhatlxHIyDmwNF4+HaF47t7L6kieM/VTTDO+c3d9e5uwH6qEG2AqvFIVjyCLgBUjXt5qt3JZrbQGPyC3YjhBKMhjvnxeuzu7IZTKykRmwevfYb24Yybamy2A17zS7rEEBABkBheKaWGh11YwBU6ePlJqWDO3N7VS7MWNJFfOghm++AT8OoT2YEo70PoJsQUPGlWTZTNg+46pLxoBPRzMbp8ubIgAEedVz/QYLmj72thXg5dxhGB4ITDL8JuP5Ycfgx+tBmahRIM1C/uOZcrAsAZF9/uLnqrg81a/dFqw6ZcO5vZmoR1uk6CWrAuN19qu2DYtOht/SrUaj1yHY2A/gVpdPly5YDArY81GVp3O2g+OkOEH/PMHMdzmBEgei9UgvH3wVddtmNDtXmw4IWTkUkce3DvsYWE+ALQL4BHId4fpI/Y/5/utT8MmrDrLxQ8ArIHEDzmRo1wmHH/pVWGiyxdTfjFX2rXHdchXPhBE6Kt8nC2jjiDmGbD7RgMeTBfwKIBprmb8AYlLBOtdgJoG04wLplTj6+0KysK3fHzIcZ3Hf9gHjz999VUy16DhIJHQGYAwWNu1FjT1Gvs3P/lgiFGZJ5UmwGHG+ZZPcJ0HeCg749QYPAXiL9ECKHINx6WS1+t7jEceixlgbAPmy+nStBYvJRPL2Twp4pk8vk1rxKTb0g25oTCDpYDqVIL28pb9fMNzcOfvPGkWjbyQ/34YMts4saHGzmISOpvbOj4Q9dfKH0IiABIH/ZGzfCo8zyr9KZCc55tJmscPlj26SZ48zEJs5dEnYyaec1PqDHPZys/ofQiIAIgvfgbteNoEJttydIzb0QECBR8Nh9uN+tNtmwz3ybsbdjqNAQDOFmC4tI1Ph2HJtumbM0nAiAEnIfn3Jlz6gg+/JOh0qIIG4/bS79JrtmmaXtHykaU4WQIy5WZf6uzGSolU5bkSR0BsQZMHUMtJTS2rqUv2epuyvjIVNtrwXAR3shrcjj6mLFviau9v9fy3NIhBiDUhwfz4L/4iHIjKKhbWrf7l8+tp3fFuYcbPIHfl2PAwCGPXeGFh5XSyeyssz/S39lr0W3suEQoPAgkN48LT/v7XUtgOvz6fxP34x92INAnP8yiw97vsLdPBEDIOATlHHjdQZzA/kLoi5Mnof7Sv0zuhwiAEHIPzjzgCgtRcTOd0Af0RXVQkun96i/tFwEQUk7CtRf8+2U6oQ8S1DO8XBQBEF7e0CPs7vtpDs6RqYS2ow9C4UVABEB4eWO0DJZ4iKWXaYQ2o+1C4UZABEC4+WOY4UJJqFmD7n1QXUVb0WaYEAuFGwERAOHmj9E6hP+68l72x48jgpAT2oi2os1C4UdABED4eWS0cNkHnYb+PAJ+hpWw4w8df7RVKDMQSMwwPDP61G9b+eSr7fQhe+SZsV8J7cIuweFUJCdFs1+4AU+Feth8AdaBCEQyb3GL4Vk4lfIkb7AIiCpwsHhLbYJAqBCQJUCo2CGNEQSCRUAEQLB4S22CQKgQkD2AULEjuMbA6+/u2/QF9Hzl407Da3BwtUtNYUFABEBYOBFgO357fDkdsXvEucdRexZz5N9Wuna+KO4EyIZQVCVLgFCwIbhGTByTHzX4zZohEPCbUHYhIAIgu/hNe411D+Ud67csgylruisCIGtY3dfR4ZUcMsiFYv3mkkVuZzgCIgAynIHSfEEgFQREAKSCnuQVBDIcAREAGc5Aab4gkAoCIgBSQU/yCgIZjoAIgAxnoDRfEEgFAREAqaAneQWBDEdABECGM1CaLwikgoAIgFTQk7yCQIYjkPW2AIMYAcTUmzimgMaPyif414BDy3++3k7/ZK+23eLZKmMfceFtfNZlrQDI455PZf33U39WQsMqorXjdmRBgL+zDyyluRzP7rF/t1FXd3wwJUU4EBDeeudD1gmAgkED6Mg9igy3WlXl0QNfhW29wbl06bEVdNr+pfT3RS20kC3mOjPPQ7farX57LbxNnLVZIwAK8gbQMXv2DfzK0tgDX4URgmLm0eV06pQSw+/dguVtEt9eBSmN18Lb5MHv9wKgKH8AHbtXMZ04uZjj2ic28FVYh5Tl0i+PKKdTeNlw7+JWjnrTSm2dqTnVVOuQa+8ICG+9Y+WWst8KgJKCAXTc3sU0fZ8SKi/We9gBQXLh4WV0MnvnvX9pCz30Uiu1dIggcHvIdN8X3upDtN8JgNLCAXT8pBI6YVIxlRbpHfgq7BAs5x1SRidNLqEHXmyl+S+2UHO7CAIVJ13XwltdSEbK6TcCoLxoAE3ngXgcT/dLCv0d+BH4+r5B0Jx9UCnPNorpoX+10v1LWqixTQSBilOy18LbZJGLny/jBUBFSQ6/gYuNdX5RfrADX4UXgud0PjE4nmcfD7MguHdJKzW0cOSMEFHeQFZ0cKFYv7lk8fW28NZXeI3CMzYwyJBSHvj7ltDRE4uoMC+9A9+NTe1dvbSAw2PfyxFzapvTKwgqGa/Lji2nydsXujXXuL/knXa64eFGqktje4W3MVmk9ceMEwAIh3Uy78IfyUo8OP7JBOroWmvoEECXAGG0gqYDdiykS44ppwqPm6ENrb0065FGevbN9kCbKrwNFG6jsowRAOtV5PDxWylN3a2I8liZRzc1cUjr2U80GcVecFgZlfmwgdjF4bKhVQjtwh8b/BcEGFBXTKuI6Qg0Fo7/er+DrnuwwXehJbyNxQV/fwu9AICjSqjrHrZrEQ2KsX5NFaYbH27gc/02o5ijWFPwch44fhGi6D75ahvd/XwLfV/nj7HBIRMKaeZR5SmfhDSzYLzp0UZ66jX9swHhrV9PmPdyQ7sJuOGQXDqNNe8O3oUHfq7+N74K0SffRHR8/8vGQH4SBNmRexTToSzUnuaBdffzzfRtjR5BMIxnSr9l4bUHGzfpIJxwXH3SYJoyvpCu5dnAag0zF+GtDs7oKSN0AmBEVa6xkw4LvYEBDHwTRuw4m2T9bt7z4xOC7XBe0hzMb+tn32inu55rpq+rkxcEWB798ogyX45BIVAeuXwY/ekfTcYyJhk8hLfJ8zYZvL3kCY0AKONz/IumltMhuxRSboox7710XE2z0RBA0WncHjE0WFgg6A7hmc6BOxfSU6+20y2PNVJTAnoE67PR0v+cUEG7bJ1YZJ/Pv++b6Ww2fJAKh+M1jjmv5HowG7jmgQb6od7bAy28TZ63jozQeDPYJ92l4dismnPRUBpRlb7mwPLPJNU82Lzv9ycEH2YE47fIozNuqfG0+XY0Gzj9YmoZJaID0d2z1jBquvOZZqNLZ7HZ8ww+UvU644KgeeSKKrr1sSaCYVQsEt72oZMMb2Phquu3yLxXV4lJlHMNrzHTOfjR5MGWJQDOzNNJwOKqE2NvQqK9f71wCF12XEVCg3/Fd2volD/W0B1PNtMa9nGAP3zHPfzmlSBwUDfaYMVOzS+8jUbEC2+jc/h7ld4nnfu27caDEp66+gFJbmQCwEsQP2pIrMzdtimg0SOdp+aFrP+AGdNO7LTEK63htz7e+Cf+vpo+tmx4mvlx78Q/VBtpkNYroQ13shCALb5KwlsVkb7rWLx1zuHf3bQ/6vtsp2e3OlWIln/Qt/5HOcs/inxPtdxU8rthgyPRTdbzvlzCCcdJs6rpr083U3cM9QO4P0MapLWeisTrA/YQDt3VrmHo1v545en+PZN4q7vv8cpLuwAYt2levDb6+ntdcw+9uaKTlrwbOede/HY7vfdFF0GVN520nQs227jMDNS2Qt/g/55qohk3VbOfQ+8+zZAWeZAXZXihMRvb+Si8dUfOjbfuOfz5xftrxIf6MdUePdL+4PhQ1boiqxt76CXWcFv6bgd9+FWXo/ku/P+denMNDeBZ7cbDBtKWGw6kCVvlG7vfxQXByczRvDwCRj2KHOpkjcJ49NHXXXTVfQ302ffeB761TNR513Mt9OJ7HcZ+RDw+qW0S3lrRtH934609pb930qoJuM2IQXTfr6v87eFPpb/8YQfdw7r4b3/WlXR9sD2YMr6AjmA7hKDebliXq2v2CVvl0Z/PH+rYD6gb/4Wn8TBA6o0vJxzLUG/iVBaGV+ewybObGva5t9fQa59GsBXeqijar514a0/l753c4RN+dZW/VbiXvt8OhbTHaG97ADVNPXT53HrjnByuuTbyeFb/ykcdRr557MLL67m1W4uxRv702256nPX53/6s0xACXr0NYYlxxd/r6QW2ttuFZxNeZxIrvuvmmUr07vyq2h6eFaylnbeM3gTEsuWCP9cZMxxNY9+AAmW9+3kXLX6ngzCwrUemSHDHk002VWHhrQFdzH9OvI2ZwYcf0yoATmB3XVts4LzTrfb1b8+20JP/aTdUZp9hrblN1x9Im8dQYGnt6KXrWXX1lseaqbpRmUOrhSdx/R0PQngJxlR53CZ5lBtDaxF6/1fMbaBatgTE4MV5O4SAF2pu7+X9iQ5bUsxkEL+gg9/4K/n4bi7Pbm5mLT0//Q/ASvCJ/7TR5z9wvWzh+Mm3a+hvfLLwj1fsugDCWxvLbDfceGtL6OONtO4BjNvU2+BH/+EOyiRMba+cV09lrJnmpP2GNyHethiksQiBI0axACrlcl79NHrnf+ct8wzB8eWP7mtonKHjaG0RbxrOPreShlfa4cR+w+9Ya85KXs1ykQfCxY2W8vocf0HSWsZ+0Vsdxl+seoW3sdDp+y0Wb+Pn1pPC/sTqKTduKdAQcxowbhlPYD9/r37SSW+s6FtnYvD98s5auunMStqdz8xNwpR/5pw6V//9A/m8fz92ijF5+wLOl0+FrNCy7IMOmwCAM9GJ2xbwJmEvvc7CYSG/5f7D9WMAqPTFD92GIs3t5w2hURtGhBqm/ZfdUx+1ibfH6Hyaxs5KvdKGvNSBYlI6HXR4bauZTnhrIhH7Mwy8TdsSAG9u6JR7JUybD2Zdefj0xxseO/WYfj/HywFsfEG9FVZ8v76r3tBuU8vF234a+wu84dRKOozVbTdbf9A68+KPecdcnWbvNbbAWJ7ks4LLppz2oJ2L6FC2U4AbcEx9VcJ9GPRgcxBn6DAthuGMuRGHQXwpe+SBvUOitg5Yf8eaiahtSfe18NY7B9LN27TNAJLZRc/h7Wj4+Mfb+7r5DfQvVt7BAMPu/j2L3EGHRhpUazGQnajVwaV3C7/5VcKMBcYw0Ne/4aEGFjjRywO4Bj/rtlo1G+3PHnkuZY88XjcM1QLGbTLIOI5T74f1WnjrnTPp5m1wh9oKJuh4sjSUTwFuPqvScBQSr4wZ+xbT3RcPdR38yO/k09/pnlkXHvB5M6sM6z3zntvn+YeW0vWnDE568KPcsS4KQW51pvu+8NY7B9LN27QIAKzDt0lRAWgAa+mcc3ApwWW0G11ydBlbysWfcuPEQCWne9Y0cOpx7YzBdOYBJdbbUd+xFkYUoVQJSjgD08KpxFsuvE0Ms3TzNi2P1VYbDSKsrVMl7Asczko5brT8w07ePIt9EoC8TksAp3tqPT+yPby5Kan+hmssVyCoUiUoIG3JmGUCCW8T41K6eZsWAaDr+KORz6UXLm91RfzfH3fStBuqjdMD10T8g9Pb3umetYylvMM/7cbVMTUL53O0oLZO++zCWo7X78msq72WrTOd8DZxNNPJ2/QIAE1rWnjXjbVWByvgj/+8O2oNj784KXAipzKc7iEvdN7hQHTmnPq4XnvqOSjIfRwcRAel8yFJpP262im8TQT15NOmRQCMTUAByK1rMOpBGC6VYLjjRNCUg5ed72qjd+6R1ult73TvM3ahBVNZ03uwWo9T3dDJr2+JvwxRy1KvE1GsUfMGeS28TRztdPI2cAGQqJKIG5xQP+1UjuMnjSugey6uoj3HOKvZvv/lGjr+xmp6/q2I6S/Kd/LI+/XqHlb6icwYFvBSA4Pfzbpuvx0KjJOBnUZFa+5BP+AJVmFOlXAECezCTMLb5LiTTt4Grgi0a4IKQG6QzmJf9ap23LUnVxjahT9jIyPo3K9kQxqVoEAEoxbMBODkcsGyVsJmoUpYAsBnPwyAbuOAIfcv7dP7V9Ph+kiOI3DV9ApDx38DjmPwJDv2tBL2AabG2Ky0po31/V1WgAqzQpDwNhb3Yv+WLt46z5djtzWlX3WsEb+t6bY5uNhh8zy2VOt7++J04HcnVVAF+7Sf/5J9mYAOINBFvGAXGMjqYFY7j9gFPz+0bN3tHdlF1ta8Y2/VFsTMA0uWqnKL37F1Obx/AXbwYxBWEt4mz5l08TbwOaWOh8RpEOzD038r4fht5tHlhg279b7O7xezD37r4DfLdnKF5dRmM73Xz7B4kXFrr/DWDZn499PF20AFgKEkwvbkqdKbK+1T9r0VAWDWcSa7vP4N6+BrOI43izS89EC1ePpkZyUfp7a8plgbrissgS9bM3bAMIwkvE2NK+nibaACAM4k3DzKJALfKiWMFgJjxHIQcszEYrr+5MFatOnyeNE064xKNgwqcm0yTIxV1+Lf8LIlVYLyFJYXYSThbWpcSRdvA90D0KX3vEo5ykPIqXg0hQ1y3v+yix5g5Rwnwi7+lj+Z8n7K1n7YKHSiMw4opb3ZUjAewZdgXXPERVY83wTxyjN/xzT7A8VDkPlbOj+Ft6mjnw7eBioAdKwRsZmmHv95DeXl5n1oR47EA4Md00wXCkPnzK511PLbjD0ReaGNhuZy/khKHAdCH2BwSXxhFcll/2YMNBchZk8d3B3hbWbyNtAlgA410RoWACoN9bC7jjh49y1pUbMSAoHeeFpk8CMBThFwz8nQCDb+mEnEI4S+VilVn4QoT8dAU9ul41p4a38uE8U1Hbz19jpLtCcO6RG2WnUm6ZAs7i2nPQQ4yFQJ9+A4ZBn7DIDHn8/Za48jcVY4GVFpCDvwsJdKhn4BwmghxDU8Bk3cNp923CJ/nXMRsxyLDpF5i/cgUjcMwn5HVXmOL34O1zU0wS/CW35pZChvAxMAuqRbUb59EK35Sfg2t/XSK2wAhAH/MrsG8xJhF44uv17dTSN5zW4lKNzEyg9FowdZxwB/CNW1K7sX24sFAlx+wWux6ssfZRc6tN1ap9fvwNJtj8JrGTrTCW8zl7fRT73Op0IpS8cUEUU6RcGFz76zbq2hd9h1ltPAU5piu1zMrrpPnVIadV91ERb1o3LRzh5ycc5vnvWPYQ9EvQ5GgBAUOghnxqESADEclybSX+EtUdC8DUwA6NolxjGcSmrgDPX3eNe3c3RcDKizOPAF6E4OrJFKmaoff7P+HE07LrqwNNuV6qeu9ghvg/f+FEhkIDjkXDZruG2dnOiDh/DV5/LuPMxsM5Hg2nw2ew4em+IbE/H6Jl7yvaPz06BxEd72IZ6pvHV4n+p/hKC8AhdaXgnrcqzjVzf0GME0vq/rNqzwsO5OlLA3g/X95sP7AonAzPfR5W1GQI1EysKDfjZrFeZxP1byiQKsAvGHABleqbl9reE+HEpCaA9OCuDfEDYCUB/2aisALIEpbAzSTcLbPg5kKm8DEQCJbBJhQw6RaQFoooQd8i026BvoW2DAs0bephxGWz05gBUgwmAnQhewwY+q+gtzYZgSw08ALA8hGPCJPsTai4AVo1VJCO2YzRaH82bGdl5qbS8wDYMAEN5auUKGhWom8TYQAbDdZtE28tGQRV8hdp7T4McbeFsOQY3Pj79eY0szlr0Mz/1VVXRhLldO5/suSdfddtrBh8HRiKqBxt+kceuSkhooE7/AVh5rZcwY4AseikFWwjUi8bq5LremxXcMPJgop5uEt5nN20AEgJsGntPDi4CXA3ObDTt8/A4z36nshx9TZGtAzaOuXR1lG4+3Ic79vbyRXnrfbkzk1Bbrvadfb2e7f3cHpGZaxOmzRsnF/Q1YZ+Dx/xlGiGsAglux5RytGE5NzGhD+azij6NErwTd+zCQ8DazeRuIAEjEAzA2yBZcMYyw4QfdfDcjn6P3LKKbHm2KGgPQ9PvD6ZVR99QL+BJQ4wAiDWYWCH+NqTvi/cERiJUQjPMLDooZ7w3tZGtwFDsMMQc/ygQe+3J4MvxBtRlBPhHoNBFFKa/7BdY++PFdeJvZvNV0MKX30cK0evJ2ha6DH7UdwtZ4cKlsJRzlveVgKmxN4xTJFr9fcFgZ+/AvpdP3L6WZR5Vbs6z7vvBlexTcdT/yl4+/6eIIxtFpYCZ7+K7uloMYyLtziPREBj/qbHKIXGRtS1i/C2/jcyZI3gYiALCjr5sQ0fcgjhWo0tX3N7juzK9hIx+Et1YJU/Rj2WTYpCN2L6KRDhaGT70GP4TRa3czDwyIruG6Va1kBCId7KBqbOZL9vOtlfHtEZItO5F8wlu7Gnki+DmlDZK3gQiAx/9tH3ROHU/03plsmltcED0LwK78rY81OhaFTTbVjyASnssRhqzHlDAGcvL0A9VgaA06EU4V1FiBBTzVP++QaA1Dp7yJ3sPpw/wX7YZNiZajI73wVgeKkTKC5m0gAgBadU4uvCPdTu7bsIpcjrYb8cdnlvIwR+aFX3mVFr5s3zUfxW7ED9zJPpPYjx2Ljh5p32hzWgag3Luftw/Is1mwIAS0boL9wXtfpF8HAP0S3urlbtC8DUQAAKKbFzYau/R64SLCdB32/CrNfqKZrAP+m+pu2+488lzIa3+38F0XHm4XLuZmoFnforfbOVKwfcax1UYDafo+kWWFmT7VTxwh3sImyWEi4a0ebqSDt4EJAOyqX3p3HU/Ble31FLHD4EXI7hJWs1Xpugcb6Y8seLA+X8hHbirBhz824NwIR5K7sRtzlVAWpmo4Lbjsnnrbuh+bk/87PdrHgFpGMte1TT3067vqqDtkmtDC22S4GZ0nXbwNNC4AAm5CiQebdzkavXSWF+cYNvnPvdluO76DfsCbK7r47d9p2xyE0w8sI2IRtAkfVXb/v2JNP8wEnE4UsOuP0OXbb24XHLHqifcb/Btc9Nc6Q/04Xtp0/C68TR71dPI2UAEAiL7jYBud7JsDQSR0Eo7RoEOAqD+qKS488ag6+/tuX8BTdGevvtZ2QVcfqr0rWe/fJLgk+7raPpOBTLuOnY9OGmffUzDzJvt562NN9Nyb+k9Tkm2PUz7hrRMq8e+lk7eBLQGsMMx7oYWWcHRd3TRhq3z6/WmVhN33eLTnmAJjaRAvHab6XpyA5jKSv51WTlPG6x/8L/A+g64go/H6m+rvwtvEEEw3bwMxB3aCBMd3915SRfCeq5tgnPObu+vd3YD9VCHaAFXjkax4BF0AqBr38lQbMxRoDH7BbsSwy90Qx/x4PXZ3dsOplZSIXrzXPkP7cMZNNTbbAa/505FOeOsN9TDwNm0CABDBwy4s4Arz9U9E2rt6adaCJvLrnNpkMXwCXn0iOxDlfQjdhJiCJ82qibJ50F2HX+UJb2MjGxbe6n9qY/c76lc46rz6gYaoe7ouCvNy6DKOCARHDX4Rdvux5PBj8KPN0CwMczDQWLgKb2OhEx7eplUAAKJFb3WwWatdiSY2fN5+xaZcu8XsFut0nQS1YF1uvtR2wbBp0dvh3vRT26xeC29VRPquw8Rb/Qtw5z7HvItdUGjd7aD56AwRfswzcxzPYUaA6L1QCcbfB1912Y4N1YbCghdORiZx7MG9xxYS4gtAv6CDBz/vD9JHHKVH99ofBk23PR4uZR8VF6/XwttopMLG27TuAVihgcOM+y+tMlxkWe+n8v0Xf6llu/s+23+ECz9oQrRVHs5fEWcQ02y4HYMhD0x9sGjAseImvEEJ6zWrnQDagxOMS+bU46txnHnHz4cY33X8g3nw9N9XUy17DeovJLzt42QYeRuKGQDgqWnqNXbu/3LBECMyT6oPPxxumIMfYboOcND3Rygw+AtUYwLEqxuhyDcelktfre4xHHosZYGwD5svp0rQWLyUTy/60+AHJsJbMo6cw8hbzavi1IYAtOswZUyVWthW3qqfb2ge/uSNJ9WykR/qxwdbZhM3PtzIQURSf2NDxx/64P2RhLfh5G2oBAAefHjUeZ5VelOhOc82kzUOHyz7dBO8+ZiEN1yiTkbNvOYn1Jjns5Vffybhbfi4GzoBAIhwNIjNtmTpmTciAgQKPnC3pZs2YW/DVqchGMDJEhSXrvHpODTZNvmVT3jrF7LJlRtKAQC9/Zlz6gg+/JOh0qJIt47bS79JrtmmaXtHykaU4WQIy5WZf6uz2SokU1Ym5BHehotLgRsDee1+Y+ta+pKNcJLRrYeL8EZek8PRx4x9S1zt/b22xS0dYgBCfXgwD/6Ljyg3goK6pXW7f/nceno3JM493Nqo+77wVjeiyZcXmmNAty5ceFgpnczOOvsj/Z29Ft3GjkuylYS36ed8cvPWANuNwJ2v/zdxP/4BNjGpqtAn9C2bSXibfu6HXgBAOQdedxAnsL8Q+uLkSai/9M9rP4S3XpHyL13oBQC6jmjAcIWFqLiZTugD+pKpEY514y+81Y1oYuVlhABAl+DaC/79Mp3QhzAE9QwTjsLb9HEjYwQAIHqE3X0/zcE5MpXQdvRByI6A8NaOSRB3MkoAABBY4iGWXqYR2oy2C7kjILx1x8avXzJOAMAMF0pCzRp07/0CVS0XbUWb0XYhdwSEt+7Y+PVLxgkAAIHwX1fey/74sY0cckIb0Va0WSg+AsLb+BjpTJGRAgAALPug09CfR8DPsBJ2/KHjj7YKeUdAeOsdq1RThl4TMF4H4Xxyxn4ltAu7BIfjiZwUzX7hBjwV6mHzBVgHIhDJvMUthmfhVMrL5rzCW/+5n/ECwH+IpAZBoP8ikLFLgP7LEumZIBAcAiIAgsNaahIEQoeACIDQsUQaJAgEh4AIgOCwlpoEgdAhIAIgdCyRBgkCwSEgAiA4rKUmQSB0CIgACB1LpEGCQHAIiAAIDmupSRAIHQIiAELHEmmQIBAcAiIAgsNaahIEQoeACIDQsUQaJAgEh4AIgOCwlpoEgdAhIAIgdCyRBgkCwSEgAiA4rKUmQSB0CIgACB1LpEGCQHAIiAAIDmupSRAIHQIiAELHEmmQIBAcAiIAgsNaahIEQoeACIDQsUQaJAgEh4AIgOCwlpoEgdAhIAIgdCyRBgkCwSEgAiA4rKUmQSB0CIgACB1LpEGCQHAIiAAIDmupSRAIHQIiAELHEmmQIBAcAiIAgsNaahIEQoeACIDQsUQaJAgEh4AIgOCwlpoEgdAhIAIgdCyRBgkCwSEgAiA4rKUmQSB0CIgACB1LpEGCQHAIiAAIDmupSRAIHQIiAELHEmmQIBAcAv8Pdtw77TlC32YAAAAASUVORK5CYII="
  />
</div>
`;
