// Jest Snapshot v1, https://goo.gl/fbAQLP

exports[`DonutChart renders default 1`] = `
<svg
  data-cy="donutChart"
  viewBox="0 0 33.33098861837907 33.33098861837907"
>
  <circle
    cx={16.665494309189533}
    cy={16.665494309189533}
    fill="transparent"
    r={15.915494309189533}
    strokeWidth={1.5}
    style={
      Object {
        "stroke": "rgba(218,221,226,0.65)",
      }
    }
  />
  <circle
    cx={16.665494309189533}
    cy={16.665494309189533}
    fill="none"
    key="0"
    r={15.915494309189533}
    strokeDasharray="10 90"
    strokeDashoffset={125}
    strokeWidth={1.5}
    style={
      Object {
        "stroke": "#F00",
      }
    }
  />
  <text
    style={
      Object {
        "textAnchor": "middle",
      }
    }
    x={16.665494309189533}
    y={16.665494309189533}
  >
    <tspan
      data-cy="donutChart-label"
      dominantBaseline="central"
      fontSize={6}
    />
  </text>
</svg>
`;

exports[`DonutChart renders with text and label 1`] = `
.emotion-0 {
  color: var(--themeTextColorSecondary, #76797E);
  fill: var(--themeTextColorSecondary, #76797E);
}

.inverseColorMode .emotion-0,
.emotion-0.inverseColorMode {
  color: var(--themeTextColorSecondaryInverted, #AEB0B4);
  fill: var(--themeTextColorSecondaryInverted, #AEB0B4);
}

<svg
  data-cy="donutChart"
  viewBox="0 0 33.33098861837907 33.33098861837907"
>
  <circle
    cx={16.665494309189533}
    cy={16.665494309189533}
    fill="transparent"
    r={15.915494309189533}
    strokeWidth={1.5}
    style={
      Object {
        "stroke": "rgba(218,221,226,0.65)",
      }
    }
  />
  <circle
    cx={16.665494309189533}
    cy={16.665494309189533}
    fill="none"
    key="0"
    r={15.915494309189533}
    strokeDasharray="10 90"
    strokeDashoffset={125}
    strokeWidth={1.5}
    style={
      Object {
        "stroke": "#F00",
      }
    }
  />
  <text
    style={
      Object {
        "textAnchor": "middle",
      }
    }
    x={16.665494309189533}
    y={16.665494309189533}
  >
    <tspan
      data-cy="donutChart-label"
      dominantBaseline="unset"
      fontSize={6}
    >
      10%
    </tspan>
    <tspan
      className="emotion-0"
      data-cy="donutChart-text"
      fontSize={3}
      x={16.665494309189533}
      y={20.865494309189533}
    >
      1 of 10
    </tspan>
  </text>
</svg>
`;
