// Jest Snapshot v1, https://goo.gl/fbAQLP

exports[`Modal DialogModal renders DialogModal 1`] = `<DocumentFragment />`;

exports[`Modal FullscreenModal renders FullscreenModal 1`] = `<DocumentFragment />`;

exports[`Modal ModalBase renders ModalBase 1`] = `<DocumentFragment />`;
