// Jest Snapshot v1, https://goo.gl/fbAQLP

exports[`FieldList renders 1`] = `
<div>
  <div
    class="css-1olmsyh"
    data-cy="spacingBox"
  >
    <div
      class="rmTextMargins css-49hn1i"
      data-cy="fieldList-columnHeader"
    >
      Name
    </div>
    <div
      class="rmTextMargins css-4tue1l"
      data-cy="fieldList-columnHeader"
    >
      :
    </div>
    <div
      class="rmTextMargins css-49hn1i"
      data-cy="fieldList-columnHeader"
    >
      Role
    </div>
  </div>
  <div
    class="css-jq21gt"
  >
    <div
      class="css-1wztphk"
    >
      <div
        class="css-y6q8rd"
        data-cy="fieldList-cell"
      >
        <div
          data-cy="textInput textInput.standard"
        >
          <label
            class="css-1lrhbps"
            data-cy="textInput-label"
            for="name-0"
          >
            Name 0
          </label>
          <div>
            <div
              class="css-865tln"
            >
              <input
                aria-describedby=""
                aria-invalid="false"
                class="css-1w8it3t"
                data-cy="textInput-input"
                id="name-0"
                type="text"
                value="Brian Vaughn"
              />
            </div>
            <div
              data-cy="textInput-hintContent"
            />
          </div>
        </div>
      </div>
      <div
        class="css-y6q8rd"
        data-cy="fieldList-cell"
      >
        :
      </div>
      <div
        class="css-y6q8rd"
        data-cy="fieldList-cell"
      >
        <div
          data-cy="textInput textInput.standard"
        >
          <label
            class="css-1lrhbps"
            data-cy="textInput-label"
            for="role-0"
          >
            Role 0
          </label>
          <div>
            <div
              class="css-865tln"
            >
              <input
                aria-describedby=""
                aria-invalid="false"
                class="css-1w8it3t"
                data-cy="textInput-input"
                id="role-0"
                type="text"
                value="Software Engineer"
              />
            </div>
            <div
              data-cy="textInput-hintContent"
            />
          </div>
        </div>
      </div>
      <div>
        <button
          class="css-gvfau5"
          data-cy="fieldList-removeButton"
          disabled=""
          type="button"
        >
          <div
            tabindex="-1"
          >
            <svg
              aria-label="system-close icon"
              class="css-xp6z5l"
              data-cy="icon"
              height="16"
              preserveAspectRatio="xMinYMin meet"
              role="img"
              viewBox="0 0 16 16"
              width="16"
            >
              <use
                href="#system-close"
              />
            </svg>
          </div>
        </button>
      </div>
    </div>
    <div
      class="css-1wztphk"
    >
      <div
        class="css-y6q8rd"
        data-cy="fieldList-cell"
      >
        <div
          data-cy="textInput textInput.standard"
        >
          <label
            class="css-1lrhbps"
            data-cy="textInput-label"
            for="name-1"
          >
            Name 1
          </label>
          <div>
            <div
              class="css-865tln"
            >
              <input
                aria-describedby=""
                aria-invalid="false"
                class="css-1w8it3t"
                data-cy="textInput-input"
                id="name-1"
                type="text"
                value="Jon Doe"
              />
            </div>
            <div
              data-cy="textInput-hintContent"
            />
          </div>
        </div>
      </div>
      <div
        class="css-y6q8rd"
        data-cy="fieldList-cell"
      >
        :
      </div>
      <div
        class="css-y6q8rd"
        data-cy="fieldList-cell"
      >
        <div
          data-cy="textInput textInput.standard"
        >
          <label
            class="css-1lrhbps"
            data-cy="textInput-label"
            for="role-1"
          >
            Role 1
          </label>
          <div>
            <div
              class="css-865tln"
            >
              <input
                aria-describedby=""
                aria-invalid="false"
                class="css-1w8it3t"
                data-cy="textInput-input"
                id="role-1"
                type="text"
                value="Product engineer"
              />
            </div>
            <div
              data-cy="textInput-hintContent"
            />
          </div>
        </div>
      </div>
      <div>
        <button
          class="css-1smnoyq"
          data-cy="fieldList-removeButton"
          type="button"
        >
          <div
            tabindex="-1"
          >
            <svg
              aria-label="system-close icon"
              class="css-k06270"
              data-cy="icon"
              height="16"
              preserveAspectRatio="xMinYMin meet"
              role="img"
              viewBox="0 0 16 16"
              width="16"
            >
              <use
                href="#system-close"
              />
            </svg>
          </div>
        </button>
      </div>
    </div>
    <div
      class="css-1wztphk"
    >
      <div
        class="css-y6q8rd"
        data-cy="fieldList-cell"
      >
        <div
          data-cy="textInput textInput.standard"
        >
          <label
            class="css-1lrhbps"
            data-cy="textInput-label"
            for="name-2"
          >
            Name 2
          </label>
          <div>
            <div
              class="css-865tln"
            >
              <input
                aria-describedby=""
                aria-invalid="false"
                class="css-1w8it3t"
                data-cy="textInput-input"
                id="name-2"
                type="text"
                value="Jane Doe"
              />
            </div>
            <div
              data-cy="textInput-hintContent"
            />
          </div>
        </div>
      </div>
      <div
        class="css-y6q8rd"
        data-cy="fieldList-cell"
      >
        :
      </div>
      <div
        class="css-y6q8rd"
        data-cy="fieldList-cell"
      >
        <div
          data-cy="textInput textInput.standard"
        >
          <label
            class="css-1lrhbps"
            data-cy="textInput-label"
            for="role-2"
          >
            Role 2
          </label>
          <div>
            <div
              class="css-865tln"
            >
              <input
                aria-describedby=""
                aria-invalid="false"
                class="css-1w8it3t"
                data-cy="textInput-input"
                id="role-2"
                type="text"
                value="UX Designer"
              />
            </div>
            <div
              data-cy="textInput-hintContent"
            />
          </div>
        </div>
      </div>
      <div>
        <button
          class="css-1smnoyq"
          data-cy="fieldList-removeButton"
          type="button"
        >
          <div
            tabindex="-1"
          >
            <svg
              aria-label="system-close icon"
              class="css-k06270"
              data-cy="icon"
              height="16"
              preserveAspectRatio="xMinYMin meet"
              role="img"
              viewBox="0 0 16 16"
              width="16"
            >
              <use
                href="#system-close"
              />
            </svg>
          </div>
        </button>
      </div>
    </div>
    <button
      class="css-1qbr1ah"
      data-cy="secondaryButton"
      tabindex="0"
      type="button"
    >
      <span
        class="css-1hesotu"
      >
        <span
          class="css-16x89v1"
        >
          <svg
            aria-label="system-plus icon"
            class="css-1naj4ae"
            data-cy="icon"
            height="16"
            preserveAspectRatio="xMinYMin meet"
            role="img"
            viewBox="0 0 16 16"
            width="16"
          >
            <use
              href="#system-plus"
            />
          </svg>
        </span>
        <span
          class="css-mzjeix"
        >
          Add row
        </span>
      </span>
    </button>
  </div>
</div>
`;
