// Jest Snapshot v1, https://goo.gl/fbAQLP

exports[`Breadcrumb default 1`] = `
<nav
  class="css-cldwuj"
>
  <div
    class="css-zsjup2"
    data-cy="breadcrumb"
  >
    <span>
      One
    </span>
  </div>
  <div
    class="css-10fubqe"
    data-cy="breadcrumb"
  >
    <svg
      aria-label="system-caret-right icon"
      class="css-jbdp75"
      data-cy="icon"
      height="16"
      preserveAspectRatio="xMinYMin meet"
      role="img"
      viewBox="0 0 16 16"
      width="16"
    >
      <use
        href="#system-caret-right"
      />
    </svg>
  </div>
  <div
    class="css-10fubqe"
    data-cy="breadcrumb"
  >
    <span>
      Two
    </span>
  </div>
</nav>
`;
