// Jest Snapshot v1, https://goo.gl/fbAQLP

exports[`ProgressBar renders all sizes 1`] = `
@keyframes animation-0 {
  0% {
    -webkit-background-position: 0 0;
    background-position: 0 0;
  }

  100% {
    -webkit-background-position: 12px 0;
    background-position: 12px 0;
  }
}

.emotion-0 {
  background-color: rgba(218,221,226,0.65);
  border-radius: 999px;
  display: block;
  height: 12px;
  width: 100%;
  -webkit-animation: animation-0 0.6s linear infinite;
  animation: animation-0 0.6s linear infinite;
  background-image: linear-gradient(
      45deg,
      transparent 25%,
      rgba(0, 0, 0, 0.1) 25%,
      rgba(0, 0, 0, 0.1) 50%,
      transparent 50%,
      transparent 75%,
      rgba(0, 0, 0, 0.1) 75%,
      rgba(0, 0, 0, 0.1) 100%
    );
  -webkit-background-size: 12px 12px;
  background-size: 12px 12px;
}

.emotion-1 {
  fill: var(--themeBrandPrimary, #7D58FF);
}

<Fragment>
  <SpacingBox
    side="bottom"
    spacingSize="xxs"
    tag="div"
  >
    <Flex
      align="center"
      direction="row"
      gutterSize="s"
      justify="flex-end"
      wrap="nowrap"
    />
  </SpacingBox>
  <svg
    className="emotion-0"
    data-cy="progressBar-chart"
    role="presentation"
  >
    <rect
      className="emotion-1"
      height="100%"
      key="pbSegment-0"
      width="40%"
      x="0%"
    />
  </svg>
</Fragment>
`;

exports[`ProgressBar renders all sizes 2`] = `
@keyframes animation-0 {
  0% {
    -webkit-background-position: 0 0;
    background-position: 0 0;
  }

  100% {
    -webkit-background-position: 12px 0;
    background-position: 12px 0;
  }
}

.emotion-0 {
  background-color: rgba(218,221,226,0.65);
  border-radius: 999px;
  display: block;
  height: 6px;
  width: 100%;
  -webkit-animation: animation-0 0.6s linear infinite;
  animation: animation-0 0.6s linear infinite;
  background-image: linear-gradient(
      45deg,
      transparent 25%,
      rgba(0, 0, 0, 0.1) 25%,
      rgba(0, 0, 0, 0.1) 50%,
      transparent 50%,
      transparent 75%,
      rgba(0, 0, 0, 0.1) 75%,
      rgba(0, 0, 0, 0.1) 100%
    );
  -webkit-background-size: 12px 12px;
  background-size: 12px 12px;
}

.emotion-1 {
  fill: var(--themeBrandPrimary, #7D58FF);
}

<Fragment>
  <SpacingBox
    side="bottom"
    spacingSize="xxs"
    tag="div"
  >
    <Flex
      align="center"
      direction="row"
      gutterSize="s"
      justify="flex-end"
      wrap="nowrap"
    />
  </SpacingBox>
  <svg
    className="emotion-0"
    data-cy="progressBar-chart"
    role="presentation"
  >
    <rect
      className="emotion-1"
      height="100%"
      key="pbSegment-0"
      width="40%"
      x="0%"
    />
  </svg>
</Fragment>
`;

exports[`ProgressBar renders isProcessing 1`] = `
@keyframes animation-0 {
  0% {
    -webkit-background-position: 0 0;
    background-position: 0 0;
  }

  100% {
    -webkit-background-position: 12px 0;
    background-position: 12px 0;
  }
}

.emotion-0 {
  background-color: rgba(218,221,226,0.65);
  border-radius: 999px;
  display: block;
  height: 6px;
  width: 100%;
  -webkit-animation: animation-0 0.6s linear infinite;
  animation: animation-0 0.6s linear infinite;
  background-image: linear-gradient(
      45deg,
      transparent 25%,
      rgba(0, 0, 0, 0.1) 25%,
      rgba(0, 0, 0, 0.1) 50%,
      transparent 50%,
      transparent 75%,
      rgba(0, 0, 0, 0.1) 75%,
      rgba(0, 0, 0, 0.1) 100%
    );
  -webkit-background-size: 12px 12px;
  background-size: 12px 12px;
}

.emotion-1 {
  fill: var(--themeBrandPrimary, #7D58FF);
}

<Fragment>
  <SpacingBox
    side="bottom"
    spacingSize="xxs"
    tag="div"
  >
    <Flex
      align="center"
      direction="row"
      gutterSize="s"
      justify="flex-end"
      wrap="nowrap"
    />
  </SpacingBox>
  <svg
    className="emotion-0"
    data-cy="progressBar-chart"
    role="presentation"
  >
    <rect
      className="emotion-1"
      height="100%"
      key="pbSegment-0"
      width="40%"
      x="0%"
    />
  </svg>
</Fragment>
`;

exports[`ProgressBar renders with caption text and value text 1`] = `
.emotion-0 {
  background-color: rgba(218,221,226,0.65);
  border-radius: 999px;
  display: block;
  height: 6px;
  width: 100%;
}

.emotion-1 {
  fill: var(--themeBrandPrimary, #7D58FF);
}

<Fragment>
  <SpacingBox
    side="bottom"
    spacingSize="xxs"
    tag="div"
  >
    <Flex
      align="center"
      direction="row"
      gutterSize="s"
      justify="flex-end"
      wrap="nowrap"
    >
      <FlexItem
        flex="grow"
      >
        <CaptionText
          align="inherit"
          tag="div"
          wrap="truncate"
        >
          Caption
        </CaptionText>
      </FlexItem>
      <FlexItem
        flex="shrink"
      >
        <Text
          align="inherit"
          color="var(--themeTextColorPrimary, #1B2029)"
          data-cy="text"
          size="m"
          tag="div"
          weight="medium"
          wrap="wrap"
        >
          40%
        </Text>
      </FlexItem>
    </Flex>
  </SpacingBox>
  <svg
    className="emotion-0"
    data-cy="progressBar-chart"
    role="presentation"
  >
    <rect
      className="emotion-1"
      height="100%"
      key="pbSegment-0"
      width="40%"
      x="0%"
    />
  </svg>
</Fragment>
`;

exports[`ProgressBar renders with multiple segments of data 1`] = `
.emotion-0 {
  background-color: rgba(218,221,226,0.65);
  border-radius: 999px;
  display: block;
  height: 6px;
  width: 100%;
}

.emotion-1 {
  fill: green;
}

.emotion-2 {
  fill: yellow;
}

<Fragment>
  <SpacingBox
    side="bottom"
    spacingSize="xxs"
    tag="div"
  >
    <Flex
      align="center"
      direction="row"
      gutterSize="s"
      justify="flex-end"
      wrap="nowrap"
    />
  </SpacingBox>
  <svg
    className="emotion-0"
    data-cy="progressBar-chart"
    role="presentation"
  >
    <rect
      className="emotion-1"
      height="100%"
      key="pbSegment-0"
      width="40%"
      x="0%"
    />
    <rect
      className="emotion-2"
      height="100%"
      key="pbSegment-1"
      width="20%"
      x="40%"
    />
  </svg>
</Fragment>
`;

exports[`ProgressBar renders with one segment of data 1`] = `
.emotion-0 {
  background-color: rgba(218,221,226,0.65);
  border-radius: 999px;
  display: block;
  height: 6px;
  width: 100%;
}

.emotion-1 {
  fill: var(--themeBrandPrimary, #7D58FF);
}

<Fragment>
  <SpacingBox
    side="bottom"
    spacingSize="xxs"
    tag="div"
  >
    <Flex
      align="center"
      direction="row"
      gutterSize="s"
      justify="flex-end"
      wrap="nowrap"
    />
  </SpacingBox>
  <svg
    className="emotion-0"
    data-cy="progressBar-chart"
    role="presentation"
  >
    <rect
      className="emotion-1"
      height="100%"
      key="pbSegment-0"
      width="40%"
      x="0%"
    />
  </svg>
</Fragment>
`;
