// Jest Snapshot v1, https://goo.gl/fbAQLP

exports[`ToggleContent renders a div wrapping the content passed as props 1`] = `
<DocumentFragment>
  .emotion-0 {
  border-bottom: 1px dashed;
  cursor: pointer;
  padding-bottom: 1px;
  cursor: pointer;
}

<span
    class="emotion-0"
    data-cy="toggleContent"
    role="button"
    tabindex="0"
  >
    Hello
  </span>
</DocumentFragment>
`;
